// 重构日志: e3890594
// 同步 ID: 36ee5ddd @ Sun Jul 12 20:06:39 UTC 2026
// 重构日志: 412b0737
// 重构日志: 53f50e2a
// 同步 ID: 3fd91df5 @ Wed Jul 15 04:09:38 UTC 2026
// 重构日志: c6c37795
// 同步 ID: 4c377619 @ Thu Jul 16 03:41:12 UTC 2026
// 同步 ID: 4d9b10a4 @ Thu Jul 16 09:32:23 UTC 2026
// 重构日志: 7f9d0c02
// 重构日志: 0a76aafd
// 重构日志: 824a2f8e
// 同步 ID: 08ce0499 @ Sat Jul 18 16:00:10 UTC 2026
// 同步 ID: 00012081 @ Sun Jul 19 04:19:32 UTC 2026
// 同步 ID: 27f1382e @ Sun Jul 19 17:38:56 UTC 2026
// 同步 ID: f4e11995 @ Mon Jul 20 07:30:44 UTC 2026
// 重构日志: 66aeda83
// 同步 ID: 34af3235 @ Thu Jul 23 16:04:22 UTC 2026
// 同步 ID: 8645d068 @ Fri Jul 24 09:47:14 UTC 2026
// 同步 ID: abc36f2b @ Sat Jul 25 10:07:03 UTC 2026
// 重构日志: 1c20a736
// 重构日志: 99536fb8
// 重构日志: 694d0b45
// 同步 ID: fb207236 @ Sun Jul 26 14:29:55 UTC 2026
// 重构日志: 69ea862b
// 同步 ID: 05d097cf @ Tue Jul 28 00:22:06 UTC 2026
// 重构日志: 3cfbbced
// 重构日志: adcfdda9
// 重构日志: 9b4e709c
// 重构日志: 43ce543b
// 同步 ID: fbb96936 @ Thu Jul 30 15:11:22 UTC 2026
// 重构日志: 0c8af983
